---
source: crates/jig-cli/src/check.rs
expression: render_human(&report)
---
jig check · jig-mock-server v0.1.0
protocol 2025-06-18 · rubric-v1

  ✓  90 / 100   grade A

  ⚠  Protocol compliance   75   1 non-protocol line(s) on stdout — this corrupts MCP's newline-delimited framing (+1 more)
  ✓  Context cost          99   170 tokens (no ecosystem data — absolute bands)
  ✓  Schema hygiene        86   `echo`: parameter `text` missing a description (+3 more)
  ✓  Description quality   97   heuristic · 3 tool(s) have no human-facing title
  ✓  Robustness           100   list 12ms, clean shutdown

Top fixes
  1. [protocol] 1 non-protocol line(s) on stdout — this corrupts MCP's newline-delimited framing
     → route all logging to stderr; stdout must carry only newline-delimited JSON-RPC
  2. [protocol] capability `tasks` not in the negotiated spec revision
     → drop or gate off-spec capabilities behind `experimental`, or negotiate a protocol version that defines them
  3. [schema_hygiene] `echo`: parameter `text` missing a type
     → give every parameter of `echo` a JSON Schema `type` (or enum/$ref)

Description quality is heuristic (deterministic, no LLM).
Context cost scored with absolute bands (no ecosystem dataset available).
